Microchip MPLAB XC8 Compiler V1.45 ()

Linker command line:

-W-3 --edf=C:\Program Files (x86)\Microchip\xc8\v1.45\dat\en_msgs.txt -cs \
  -h+dist/default/production\pwm_asl.X.production.sym \
  --cmf=dist/default/production\pwm_asl.X.production.cmf -z -Q18F4620 \
  -oC:\Users\USER\AppData\Local\Temp\sak8.2 \
  -Mdist/default/production/pwm_asl.X.production.map -E1 -ver=XC8 \
  --acfsm=1493 -ASTACK=01A6h-0f7fh -pstack=STACK -ACODE=00h-0FFFFh \
  -ACONST=00h-0FFFFh -ASMALLCONST=01000h-010FFhx240 \
  -AMEDIUMCONST=01000h-0FFFFh -ACOMRAM=01h-07Fh -AABS1=00h-0F7Fh \
  -ABIGRAM=01h-0F7Fh -ARAM=080h-0FFh,0100h-01FFhx14,0F00h-0F7Fh \
  -ABANK0=080h-0FFh -ABANK1=0100h-01FFh -ABANK2=0200h-02FFh \
  -ABANK3=0300h-03FFh -ABANK4=0400h-04FFh -ABANK5=0500h-05FFh \
  -ABANK6=0600h-06FFh -ABANK7=0700h-07FFh -ABANK8=0800h-08FFh \
  -ABANK9=0900h-09FFh -ABANK10=0A00h-0AFFh -ABANK11=0B00h-0BFFh \
  -ABANK12=0C00h-0CFFh -ABANK13=0D00h-0DFFh -ABANK14=0E00h-0EFFh \
  -ABANK15=0F00h-0F7Fh -ASFR=0F80h-0FFFh \
  -preset_vec=00h,intcode=08h,intcodelo,powerup,init -pramtop=01000h \
  -psmallconst=SMALLCONST -pmediumconst=MEDIUMCONST -pconst=CONST \
  -AFARRAM=00h-00h -ACONFIG=0300000h-030000Dh -pconfig=CONFIG \
  -AIDLOC=0200000h-0200007h -pidloc=IDLOC -AEEDATA=0F00000h-0F003FFh \
  -peeprom_data=EEDATA \
  -prdata=COMRAM,nvrram=COMRAM,nvbit=COMRAM,rbss=COMRAM,rbit=COMRAM \
  -pfarbss=FARRAM,fardata=FARRAM,nvFARRAM=FARRAM \
  -pintsave_regs=BIGRAM,bigbss=BIGRAM,bigdata=BIGRAM -pbss=RAM \
  -pidata=CODE,irdata=CODE,ibigdata=CODE,ifardata=CODE -prparam=COMRAM \
  C:\Users\USER\AppData\Local\Temp\sak8.obj \
  dist/default/production\pwm_asl.X.production.obj 

Object code version is 3.11

Machine type is 18F4620

Call graph: (short form)




                Name                               Link     Load   Length Selector   Space Scale
C:\Users\USER\AppData\Local\Temp\sak8.obj
                init                                  E        E        4        4       0
                reset_vec                             0        0        4        0       0
                idloc                            200000   200000        8   200000       0
                config                           300000   300000        E   300000       0
dist/default/production\pwm_asl.X.production.obj
                intcode                               8        8        6        4       0
                temp                                 64       64        1        1       1
                mediumconst                        FEEA     FEEA      116     7F75       0
                text38                             29AC     29AC       70        4       0
                intcode_body                       24EE     24EE       FC        4       0
                text36                             2DE2     2DE2       26        4       0
                text35                             2D8E     2D8E       2E        4       0
                text34                             2E08     2E08       22        4       0
                text33                             2C2A     2C2A       48        4       0
                text32                             2CB6     2CB6       42        4       0
                text31                             2B3A     2B3A       56        4       0
                text30                             2AE4     2AE4       56        4       0
                text29                             23CC     23CC      122        4       0
                text28                             2D60     2D60       2E        4       0
                text27                             15A6     15A6      33E        4       0
                text26                             2BE2     2BE2       48        4       0
                text25                             26D6     26D6       DE        4       0
                text24                             28BA     28BA       82        4       0
                text23                             2A1C     2A1C       66        4       0
                text22                             2DBC     2DBC       26        4       0
                text21                             2022     2022      150        4       0
                text20                             22A4     22A4      128        4       0
                text19                             2172     2172      132        4       0
                text18                             27B4     27B4       84        4       0
                text17                             293C     293C       70        4       0
                text16                              F08      F08      352        4       0
                text15                             1B98     1B98      292        4       0
                text14                             2E48     2E48       1E        4       0
                text13                              AB8      AB8      450        4       0
                text12                               12       12      AA6        4       0
                text11                             1E2A     1E2A      1F8        4       0
                text10                             2C72     2C72       44        4       0
                text9                              2E7E     2E7E        C        4       0
                text8                              2E66     2E66       18        4       0
                text7                              2A82     2A82       62        4       0
                text6                              18E4     18E4      2B4        4       0
                text5                              2CF8     2CF8       3A        4       0
                text4                              2D32     2D32       2E        4       0
                text3                              125A     125A      34C        4       0
                text2                              2838     2838       82        4       0
                text1                              2E2A     2E2A       1E        4       0
                text0                              25EA     25EA       EC        4       0
                cstackCOMRAM                          1        1       57        1       1
                cstackBANK0                          80       80       66       80       1
                cstackBANK1                         100      100       82      100       1
                bssBANK1                            182      182       24      100       1
                bssBANK0                             E6       E6       16       80       1
                dataCOMRAM                           60       60        4        1       1
                bssCOMRAM                            58       58        8        1       1
                cinit                              2B90     2B90       52        4       0
                idataCOMRAM                        2E8A     2E8A        4        4       0

TOTAL           Name                               Link     Load   Length     Space
        CLASS   STACK          

        CLASS   CODE           
                intcode                               8        8        6         0
                init                                  E        E        4         0
                reset_vec                             0        0        4         0
                text38                             29AC     29AC       70         0
                intcode_body                       24EE     24EE       FC         0
                text36                             2DE2     2DE2       26         0
                text35                             2D8E     2D8E       2E         0
                text34                             2E08     2E08       22         0
                text33                             2C2A     2C2A       48         0
                text32                             2CB6     2CB6       42         0
                text31                             2B3A     2B3A       56         0
                text30                             2AE4     2AE4       56         0
                text29                             23CC     23CC      122         0
                text28                             2D60     2D60       2E         0
                text27                             15A6     15A6      33E         0
                text26                             2BE2     2BE2       48         0
                text25                             26D6     26D6       DE         0
                text24                             28BA     28BA       82         0
                text23                             2A1C     2A1C       66         0
                text22                             2DBC     2DBC       26         0
                text21                             2022     2022      150         0
                text20                             22A4     22A4      128         0
                text19                             2172     2172      132         0
                text18                             27B4     27B4       84         0
                text17                             293C     293C       70         0
                text16                              F08      F08      352         0
                text15                             1B98     1B98      292         0
                text14                             2E48     2E48       1E         0
                text13                              AB8      AB8      450         0
                text12                               12       12      AA6         0
                text11                             1E2A     1E2A      1F8         0
                text10                             2C72     2C72       44         0
                text9                              2E7E     2E7E        C         0
                text8                              2E66     2E66       18         0
                text7                              2A82     2A82       62         0
                text6                              18E4     18E4      2B4         0
                text5                              2CF8     2CF8       3A         0
                text4                              2D32     2D32       2E         0
                text3                              125A     125A      34C         0
                text2                              2838     2838       82         0
                text1                              2E2A     2E2A       1E         0
                text0                              25EA     25EA       EC         0
                cinit                              2B90     2B90       52         0
                idataCOMRAM                        2E8A     2E8A        4         0

        CLASS   CONST          

        CLASS   SMALLCONST     

        CLASS   MEDIUMCONST    
                mediumconst                        FEEA     FEEA      116         0

        CLASS   COMRAM         
                temp                                 64       64        1         1
                cstackCOMRAM                          1        1       57         1
                dataCOMRAM                           60       60        4         1
                bssCOMRAM                            58       58        8         1

        CLASS   ABS1           

        CLASS   BIGRAM         

        CLASS   RAM            

        CLASS   BANK0          
                cstackBANK0                          80       80       66         1
                bssBANK0                             E6       E6       16         1

        CLASS   BANK1          
                cstackBANK1                         100      100       82         1
                bssBANK1                            182      182       24         1

        CLASS   BANK2          

        CLASS   BANK3          

        CLASS   BANK4          

        CLASS   BANK5          

        CLASS   BANK6          

        CLASS   BANK7          

        CLASS   BANK8          

        CLASS   BANK9          

        CLASS   BANK10         

        CLASS   BANK11         

        CLASS   BANK12         

        CLASS   BANK13         

        CLASS   BANK14         

        CLASS   BANK15         

        CLASS   SFR            

        CLASS   FARRAM         

        CLASS   CONFIG         
                config                           300000   300000        E         0

        CLASS   IDLOC          
                idloc                            200000   200000        8         0

        CLASS   EEDATA         



SEGMENTS        Name                           Load    Length   Top    Selector   Space  Class

                reset_vec                      000000  000004  000004         0       0  CODE    
                cstackCOMRAM                   000001  000064  000065         1       1  COMRAM  
                intcode                        000008  002E86  002E8E         4       0  CODE    
                cstackBANK0                    000080  00007C  0000FC        80       1  BANK0   
                cstackBANK1                    000100  0000A6  0001A6       100       1  BANK1   
                mediumconst                    00FEEA  000116  010000      7F75       0  MEDIUMCO
                idloc                          200000  000008  200008    200000       0  IDLOC   
                config                         300000  00000E  30000E    300000       0  CONFIG  


UNUSED ADDRESS RANGES

        Name                Unused          Largest block    Delta
        BANK0            0000FC-0000FF                4
        BANK1            0001A6-0001FF               5A
        BANK10           000A00-000AFF              100
        BANK11           000B00-000BFF              100
        BANK12           000C00-000CFF              100
        BANK13           000D00-000DFF              100
        BANK14           000E00-000EFF              100
        BANK15           000F00-000F7F               80
        BANK2            000200-0002FF              100
        BANK3            000300-0003FF              100
        BANK4            000400-0004FF              100
        BANK5            000500-0005FF              100
        BANK6            000600-0006FF              100
        BANK7            000700-0007FF              100
        BANK8            000800-0008FF              100
        BANK9            000900-0009FF              100
        BIGRAM           000065-00007F               1B
                         0000FC-0000FF                4
                         0001A6-000F7F              DDA
        CODE             000004-000007                4
                         002E8E-00FEE9             D05C
        COMRAM           000065-00007F               1B
        CONST            000004-000007                4
                         002E8E-00FEE9             D05C
        EEDATA           F00000-F003FF              400
        MEDIUMCONST      002E8E-00FEE9             D05C
        RAM              0000FC-0000FF                4
                         0001A6-000F7F              100
        SFR              000F80-000FFF               80
        SMALLCONST       002E8E-00FEE9              100
        STACK            0001A6-000F7F              DDA

                                  Symbol Table

?___awdiv                      cstackCOMRAM 000021
?___awmod                      cstackCOMRAM 00001B
?___fladd                      cstackBANK0  000096
?___fldiv                      cstackCOMRAM 00002F
?___flmul                      cstackCOMRAM 000048
?___flneg                      cstackCOMRAM 00002F
?___flsub                      cstackBANK0  0000AA
?___fltol                      cstackBANK0  000092
?___lldiv                      cstackCOMRAM 00001B
?___llmod                      cstackCOMRAM 000028
?___wmul                       cstackCOMRAM 00001B
?___xxtofl                     cstackCOMRAM 000021
?__div_to_l_                   cstackCOMRAM 00001B
?__tdiv_to_l_                  cstackCOMRAM 00001B
?_fround                       cstackCOMRAM 000054
?_read_adc_raw_no_lib          cstackCOMRAM 00001B
?_read_adc_voltage             cstackCOMRAM 000048
?_scale                        cstackCOMRAM 000054
?_sprintf                      cstackBANK0  0000B6
?i2___awmod                    cstackCOMRAM 000001
_ADCON0                        (abs)        000FC2
_ADCON0bits                    (abs)        000FC2
_ADCON1                        (abs)        000FC1
_ADCON2                        (abs)        000FC0
_ADRESH                        (abs)        000FC4
_ADRESL                        (abs)        000FC3
_AN                            bssBANK0     0000E6
_BAUDCONbits                   (abs)        000FB8
_Buffer                        bssBANK1     000182
_CCP1CON                       (abs)        000FBD
_CCP1CONbits                   (abs)        000FBD
_CCP2CON                       (abs)        000FBA
_CCPR1L                        (abs)        000FBE
_CCPR2H                        (abs)        000FBC
_CCPR2L                        (abs)        000FBB
_HC                            bssBANK1     0001A2
_HS                            bssCOMRAM    00005F
_INTCON                        (abs)        000FF2
_INTCON2                       (abs)        000FF1
_INTCON2bits                   (abs)        000FF1
_INTCON3bits                   (abs)        000FF0
_INTCONbits                    (abs)        000FF2
_IPR1                          (abs)        000F9F
_IPR2                          (abs)        000FA2
_LCD_INIT_STRING               dataCOMRAM   000060
_PIE1                          (abs)        000F9D
_PIE2                          (abs)        000FA0
_PIE2bits                      (abs)        000FA0
_PIR1                          (abs)        000F9E
_PIR1bits                      (abs)        000F9E
_PIR2                          (abs)        000FA1
_PIR2bits                      (abs)        000FA1
_PORTBbits                     (abs)        000F81
_PORTCbits                     (abs)        000F82
_PORTEbits                     (abs)        000F84
_PR2                           (abs)        000FCB
_RCONbits                      (abs)        000FD0
_RCREG                         (abs)        000FAE
_RCSTA                         (abs)        000FAB
_RCSTAbits                     (abs)        000FAB
_RPS                           bssCOMRAM    00005A
_RPS_count                     bssCOMRAM    00005C
_SPBRG                         (abs)        000FAF
_SPBRGH                        (abs)        000FB0
_T2CON                         (abs)        000FCA
_T2CONbits                     (abs)        000FCA
_T3CON                         (abs)        000FB1
_T3CONbits                     (abs)        000FB1
_TRISA                         (abs)        000F92
_TRISB                         (abs)        000F93
_TRISC                         (abs)        000F94
_TRISCbits                     (abs)        000F94
_TRISD                         (abs)        000F95
_TRISE                         (abs)        000F96
_TXREG                         (abs)        000FAD
_TXSTA                         (abs)        000FAC
_TXSTAbits                     (abs)        000FAC
__CFG_BOREN$SBORDIS            (abs)        000000
__CFG_BORV$3                   (abs)        000000
__CFG_CCP2MX$PORTC             (abs)        000000
__CFG_CP0$OFF                  (abs)        000000
__CFG_CP1$OFF                  (abs)        000000
__CFG_CP2$OFF                  (abs)        000000
__CFG_CP3$OFF                  (abs)        000000
__CFG_CPB$OFF                  (abs)        000000
__CFG_CPD$OFF                  (abs)        000000
__CFG_EBTR0$OFF                (abs)        000000
__CFG_EBTR1$OFF                (abs)        000000
__CFG_EBTR2$OFF                (abs)        000000
__CFG_EBTR3$OFF                (abs)        000000
__CFG_EBTRB$OFF                (abs)        000000
__CFG_FCMEN$OFF                (abs)        000000
__CFG_IESO$OFF                 (abs)        000000
__CFG_LPT1OSC$OFF              (abs)        000000
__CFG_LVP$ON                   (abs)        000000
__CFG_MCLRE$ON                 (abs)        000000
__CFG_OSC$XT                   (abs)        000000
__CFG_PBADEN$ON                (abs)        000000
__CFG_PWRT$OFF                 (abs)        000000
__CFG_STVREN$ON                (abs)        000000
__CFG_WDT$ON                   (abs)        000000
__CFG_WDTPS$32768              (abs)        000000
__CFG_WRT0$OFF                 (abs)        000000
__CFG_WRT1$OFF                 (abs)        000000
__CFG_WRT2$OFF                 (abs)        000000
__CFG_WRT3$OFF                 (abs)        000000
__CFG_WRTB$OFF                 (abs)        000000
__CFG_WRTC$OFF                 (abs)        000000
__CFG_WRTD$OFF                 (abs)        000000
__CFG_XINST$OFF                (abs)        000000
__HRAM                         (abs)        000000
__Habs1                        abs1         000000
__Hbank0                       bank0        000000
__Hbank1                       bank1        000000
__Hbank10                      bank10       000000
__Hbank11                      bank11       000000
__Hbank12                      bank12       000000
__Hbank13                      bank13       000000
__Hbank14                      bank14       000000
__Hbank15                      bank15       000000
__Hbank2                       bank2        000000
__Hbank3                       bank3        000000
__Hbank4                       bank4        000000
__Hbank5                       bank5        000000
__Hbank6                       bank6        000000
__Hbank7                       bank7        000000
__Hbank8                       bank8        000000
__Hbank9                       bank9        000000
__Hbigbss                      bigbss       000000
__Hbigdata                     bigdata      000000
__Hbigram                      bigram       000000
__Hbss                         bss          000000
__HbssBANK0                    bssBANK0     000000
__HbssBANK1                    bssBANK1     000000
__HbssCOMRAM                   bssCOMRAM    000000
__Hcinit                       cinit        000000
__Hclrtext                     clrtext      000000
__Hcomram                      comram       000000
__Hconfig                      config       30000E
__Hconst                       const        000000
__HcstackBANK0                 cstackBANK0  000000
__HcstackBANK1                 cstackBANK1  000000
__HcstackCOMRAM                cstackCOMRAM 000000
__Hdata                        data         000000
__HdataCOMRAM                  dataCOMRAM   000000
__Heeprom_data                 eeprom_data  000000
__Hfarbss                      farbss       000000
__Hfardata                     fardata      000000
__Hibigdata                    ibigdata     000000
__Hidata                       idata        000000
__HidataCOMRAM                 idataCOMRAM  000000
__Hidloc                       idloc        200008
__Hifardata                    ifardata     000000
__Hinit                        init         000012
__Hintcode                     intcode      00000E
__Hintcode_body                intcode_body 000000
__Hintcodelo                   intcodelo    00000E
__Hintentry                    intentry     000000
__Hintret                      intret       000000
__Hintsave_regs                intsave_regs 000000
__Hirdata                      irdata       000000
__Hmediumconst                 mediumconst  010000
__HnvFARRAM                    nvFARRAM     000000
__Hnvbit                       nvbit        000000
__Hnvrram                      nvrram       000000
__Hparam                       rparam       000000
__Hpowerup                     powerup      00000E
__Hram                         ram          000000
__Hramtop                      ramtop       001000
__Hrbit                        rbit         000000
__Hrbss                        rbss         000000
__Hrdata                       rdata        000000
__Hreset_vec                   reset_vec    000004
__Hrparam                      rparam       000000
__Hsfr                         sfr          000000
__Hsmallconst                  smallconst   000000
__Hspace_0                     (abs)        30000E
__Hspace_1                     (abs)        0001A6
__Hspace_2                     (abs)        000000
__Hstack                       stack        000000
__Hstruct                      struct       000000
__Htemp                        temp         000065
__Htext                        text         000000
__Htext0                       text0        000000
__Htext1                       text1        000000
__Htext10                      text10       000000
__Htext11                      text11       000000
__Htext12                      text12       000000
__Htext13                      text13       000000
__Htext14                      text14       000000
__Htext15                      text15       000000
__Htext16                      text16       000000
__Htext17                      text17       000000
__Htext18                      text18       000000
__Htext19                      text19       000000
__Htext2                       text2        000000
__Htext20                      text20       000000
__Htext21                      text21       000000
__Htext22                      text22       000000
__Htext23                      text23       000000
__Htext24                      text24       000000
__Htext25                      text25       000000
__Htext26                      text26       000000
__Htext27                      text27       000000
__Htext28                      text28       000000
__Htext29                      text29       000000
__Htext3                       text3        000000
__Htext30                      text30       000000
__Htext31                      text31       000000
__Htext32                      text32       000000
__Htext33                      text33       000000
__Htext34                      text34       000000
__Htext35                      text35       000000
__Htext36                      text36       000000
__Htext38                      text38       000000
__Htext4                       text4        000000
__Htext5                       text5        000000
__Htext6                       text6        000000
__Htext7                       text7        000000
__Htext8                       text8        000000
__Htext9                       text9        000000
__LRAM                         (abs)        000001
__Labs1                        abs1         000000
__Lbank0                       bank0        000000
__Lbank1                       bank1        000000
__Lbank10                      bank10       000000
__Lbank11                      bank11       000000
__Lbank12                      bank12       000000
__Lbank13                      bank13       000000
__Lbank14                      bank14       000000
__Lbank15                      bank15       000000
__Lbank2                       bank2        000000
__Lbank3                       bank3        000000
__Lbank4                       bank4        000000
__Lbank5                       bank5        000000
__Lbank6                       bank6        000000
__Lbank7                       bank7        000000
__Lbank8                       bank8        000000
__Lbank9                       bank9        000000
__Lbigbss                      bigbss       000000
__Lbigdata                     bigdata      000000
__Lbigram                      bigram       000000
__Lbss                         bss          000000
__LbssBANK0                    bssBANK0     000000
__LbssBANK1                    bssBANK1     000000
__LbssCOMRAM                   bssCOMRAM    000000
__Lcinit                       cinit        000000
__Lclrtext                     clrtext      000000
__Lcomram                      comram       000000
__Lconfig                      config       300000
__Lconst                       const        000000
__LcstackBANK0                 cstackBANK0  000000
__LcstackBANK1                 cstackBANK1  000000
__LcstackCOMRAM                cstackCOMRAM 000000
__Ldata                        data         000000
__LdataCOMRAM                  dataCOMRAM   000000
__Leeprom_data                 eeprom_data  000000
__Lfarbss                      farbss       000000
__Lfardata                     fardata      000000
__Libigdata                    ibigdata     000000
__Lidata                       idata        000000
__LidataCOMRAM                 idataCOMRAM  000000
__Lidloc                       idloc        200000
__Lifardata                    ifardata     000000
__Linit                        init         00000E
__Lintcode                     intcode      000008
__Lintcode_body                intcode_body 000000
__Lintcodelo                   intcodelo    00000E
__Lintentry                    intentry     000000
__Lintret                      intret       000000
__Lintsave_regs                intsave_regs 000000
__Lirdata                      irdata       000000
__Lmediumconst                 mediumconst  00FEEA
__LnvFARRAM                    nvFARRAM     000000
__Lnvbit                       nvbit        000000
__Lnvrram                      nvrram       000000
__Lparam                       rparam       000000
__Lpowerup                     powerup      00000E
__Lram                         ram          000000
__Lramtop                      ramtop       001000
__Lrbit                        rbit         000000
__Lrbss                        rbss         000000
__Lrdata                       rdata        000000
__Lreset_vec                   reset_vec    000000
__Lrparam                      rparam       000000
__Lsfr                         sfr          000000
__Lsmallconst                  smallconst   000000
__Lspace_0                     (abs)        000000
__Lspace_1                     (abs)        000000
__Lspace_2                     (abs)        000000
__Lstack                       stack        000000
__Lstruct                      struct       000000
__Ltemp                        temp         000064
__Ltext                        text         000000
__Ltext0                       text0        000000
__Ltext1                       text1        000000
__Ltext10                      text10       000000
__Ltext11                      text11       000000
__Ltext12                      text12       000000
__Ltext13                      text13       000000
__Ltext14                      text14       000000
__Ltext15                      text15       000000
__Ltext16                      text16       000000
__Ltext17                      text17       000000
__Ltext18                      text18       000000
__Ltext19                      text19       000000
__Ltext2                       text2        000000
__Ltext20                      text20       000000
__Ltext21                      text21       000000
__Ltext22                      text22       000000
__Ltext23                      text23       000000
__Ltext24                      text24       000000
__Ltext25                      text25       000000
__Ltext26                      text26       000000
__Ltext27                      text27       000000
__Ltext28                      text28       000000
__Ltext29                      text29       000000
__Ltext3                       text3        000000
__Ltext30                      text30       000000
__Ltext31                      text31       000000
__Ltext32                      text32       000000
__Ltext33                      text33       000000
__Ltext34                      text34       000000
__Ltext35                      text35       000000
__Ltext36                      text36       000000
__Ltext38                      text38       000000
__Ltext4                       text4        000000
__Ltext5                       text5        000000
__Ltext6                       text6        000000
__Ltext7                       text7        000000
__Ltext8                       text8        000000
__Ltext9                       text9        000000
__S0                           (abs)        30000E
__S1                           (abs)        0001A6
__S2                           (abs)        000000
___awdiv                       text18       0027B4
___awdiv@counter               cstackCOMRAM 000025
___awdiv@dividend              cstackCOMRAM 000021
___awdiv@divisor               cstackCOMRAM 000023
___awdiv@quotient              cstackCOMRAM 000027
___awdiv@sign                  cstackCOMRAM 000026
___awmod                       text17       00293C
___awmod@counter               cstackCOMRAM 00001F
___awmod@dividend              cstackCOMRAM 00001B
___awmod@divisor               cstackCOMRAM 00001D
___awmod@sign                  cstackCOMRAM 000020
___fladd                       text27       0015A6
___fladd@a                     cstackBANK0  00009A
___fladd@aexp                  cstackBANK0  0000A7
___fladd@b                     cstackBANK0  000096
___fladd@bexp                  cstackBANK0  0000A8
___fladd@grs                   cstackBANK0  0000A9
___fladd@signs                 cstackBANK0  0000A6
___fldiv                       text6        0018E4
___fldiv@a                     cstackCOMRAM 000033
___fldiv@aexp                  cstackCOMRAM 000047
___fldiv@b                     cstackCOMRAM 00002F
___fldiv@bexp                  cstackCOMRAM 000046
___fldiv@grs                   cstackCOMRAM 000042
___fldiv@new_exp               cstackCOMRAM 000040
___fldiv@rem                   cstackCOMRAM 00003C
___fldiv@sign                  cstackCOMRAM 00003B
___flge                        text29       0023CC
___flge@ff1                    cstackBANK0  0000AA
___flge@ff2                    cstackBANK0  0000AE
___flmul                       text16       000F08
___flmul@a                     cstackCOMRAM 00004C
___flmul@aexp                  cstackBANK0  000081
___flmul@b                     cstackCOMRAM 000048
___flmul@bexp                  cstackBANK0  000086
___flmul@grs                   cstackBANK0  000082
___flmul@prod                  cstackBANK0  000087
___flmul@sign                  cstackBANK0  000080
___flmul@temp                  cstackBANK0  00008B
___flneg                       text28       002D60
___flneg@f1                    cstackCOMRAM 00002F
___flsub                       text26       002BE2
___flsub@a                     cstackBANK0  0000AE
___flsub@b                     cstackBANK0  0000AA
___fltol                       text25       0026D6
___fltol@exp1                  cstackBANK0  00009B
___fltol@f1                    cstackBANK0  000092
___fltol@sign1                 cstackBANK0  00009A
___inthi_sp                    stack        000000
___intlo_sp                    stack        000000
___lldiv                       text24       0028BA
___lldiv@counter               cstackCOMRAM 000027
___lldiv@dividend              cstackCOMRAM 00001B
___lldiv@divisor               cstackCOMRAM 00001F
___lldiv@quotient              cstackCOMRAM 000023
___llmod                       text23       002A1C
___llmod@counter               cstackCOMRAM 000030
___llmod@dividend              cstackCOMRAM 000028
___llmod@divisor               cstackCOMRAM 00002C
___param_bank                  (abs)        000000
___rparam_used                 (abs)        000001
___sp                          stack        000000
___wmul                        text22       002DBC
___wmul@multiplicand           cstackCOMRAM 00001D
___wmul@multiplier             cstackCOMRAM 00001B
___wmul@product                cstackCOMRAM 00001F
___xxtofl                      text21       002022
___xxtofl@arg                  cstackCOMRAM 00002B
___xxtofl@exp                  cstackCOMRAM 00002A
___xxtofl@sign                 cstackCOMRAM 000029
___xxtofl@val                  cstackCOMRAM 000021
__accesstop                    (abs)        000080
__activetblptr                 (abs)        000002
__div_to_l_                    text20       0022A4
__div_to_l_@cntr               cstackCOMRAM 000027
__div_to_l_@exp1               cstackCOMRAM 000028
__div_to_l_@f1                 cstackCOMRAM 00001B
__div_to_l_@f2                 cstackCOMRAM 00001F
__div_to_l_@quot               cstackCOMRAM 000023
__end_of___awdiv               text18       002838
__end_of___awmod               text17       0029AC
__end_of___fladd               text27       0018E4
__end_of___fldiv               text6        001B98
__end_of___flge                text29       0024EE
__end_of___flmul               text16       00125A
__end_of___flneg               text28       002D8E
__end_of___flsub               text26       002C2A
__end_of___fltol               text25       0027B4
__end_of___lldiv               text24       00293C
__end_of___llmod               text23       002A82
__end_of___wmul                text22       002DE2
__end_of___xxtofl              text21       002172
__end_of__div_to_l_            text20       0023CC
__end_of__initialization       cinit        002BD4
__end_of__npowers_             mediumconst  00FF53
__end_of__powers_              mediumconst  00FF1F
__end_of__tdiv_to_l_           text19       0022A4
__end_of_delay_cycles          text35       002DBC
__end_of_delay_ms              text36       002E08
__end_of_display               text11       002022
__end_of_dpowers               mediumconst  00FF7B
__end_of_fround                text15       001E2A
__end_of_highIsr               intcode_body 0025EA
__end_of_initInterrupts        text10       002CB6
__end_of_init_adc_no_lib       text9        002E8A
__end_of_init_pwm1             text8        002E7E
__end_of_isdigit               text14       002E66
__end_of_lcd_gotoxy            text32       002CF8
__end_of_lcd_init              text7        002AE4
__end_of_lcd_putc              text31       002B90
__end_of_lcd_puts              text30       002B3A
__end_of_lcd_send_byte         text33       002C72
__end_of_lcd_send_nibble       text34       002E2A
__end_of_main                  text0        0026D6
__end_of_operation             text3        0015A6
__end_of_read_adc_raw_no_lib   text5        002D32
__end_of_read_adc_voltage      text2        0028BA
__end_of_scale                 text13       000F08
__end_of_set_pwm1_raw          text4        002D60
__end_of_setupPorts            text1        002E48
__end_of_sprintf               text12       000AB8
__end_ofi2___awmod             text38       002A1C
__initialization               cinit        002B90
__mediumconst                  mediumconst  00FEEA
__npowers_                     mediumconst  00FF1F
__pbssBANK0                    bssBANK0     0000E6
__pbssBANK1                    bssBANK1     000182
__pbssCOMRAM                   bssCOMRAM    000058
__pcinit                       cinit        002B90
__pcstackBANK0                 cstackBANK0  000080
__pcstackBANK1                 cstackBANK1  000100
__pcstackCOMRAM                cstackCOMRAM 000001
__pdataCOMRAM                  dataCOMRAM   000060
__pidataCOMRAM                 idataCOMRAM  002E8A
__pintcode                     intcode      000008
__pintcode_body                intcode_body 0024EE
__pmediumconst                 mediumconst  00FEEA
__powers_                      mediumconst  00FEEB
__ptext0                       text0        0025EA
__ptext1                       text1        002E2A
__ptext10                      text10       002C72
__ptext11                      text11       001E2A
__ptext12                      text12       000012
__ptext13                      text13       000AB8
__ptext14                      text14       002E48
__ptext15                      text15       001B98
__ptext16                      text16       000F08
__ptext17                      text17       00293C
__ptext18                      text18       0027B4
__ptext19                      text19       002172
__ptext2                       text2        002838
__ptext20                      text20       0022A4
__ptext21                      text21       002022
__ptext22                      text22       002DBC
__ptext23                      text23       002A1C
__ptext24                      text24       0028BA
__ptext25                      text25       0026D6
__ptext26                      text26       002BE2
__ptext27                      text27       0015A6
__ptext28                      text28       002D60
__ptext29                      text29       0023CC
__ptext3                       text3        00125A
__ptext30                      text30       002AE4
__ptext31                      text31       002B3A
__ptext32                      text32       002CB6
__ptext33                      text33       002C2A
__ptext34                      text34       002E08
__ptext35                      text35       002D8E
__ptext36                      text36       002DE2
__ptext38                      text38       0029AC
__ptext4                       text4        002D32
__ptext5                       text5        002CF8
__ptext6                       text6        0018E4
__ptext7                       text7        002A82
__ptext8                       text8        002E66
__ptext9                       text9        002E7E
__ramtop                       ramtop       001000
__size_of___awdiv              (abs)        000000
__size_of___awmod              (abs)        000000
__size_of___fladd              (abs)        000000
__size_of___fldiv              (abs)        000000
__size_of___flge               (abs)        000000
__size_of___flmul              (abs)        000000
__size_of___flneg              (abs)        000000
__size_of___flsub              (abs)        000000
__size_of___fltol              (abs)        000000
__size_of___lldiv              (abs)        000000
__size_of___llmod              (abs)        000000
__size_of___wmul               (abs)        000000
__size_of___xxtofl             (abs)        000000
__size_of__div_to_l_           (abs)        000000
__size_of__tdiv_to_l_          (abs)        000000
__size_of_delay_cycles         (abs)        000000
__size_of_delay_ms             (abs)        000000
__size_of_display              (abs)        000000
__size_of_fround               (abs)        000000
__size_of_highIsr              (abs)        000000
__size_of_initInterrupts       (abs)        000000
__size_of_init_adc_no_lib      (abs)        000000
__size_of_init_pwm1            (abs)        000000
__size_of_isdigit              (abs)        000000
__size_of_lcd_gotoxy           (abs)        000000
__size_of_lcd_init             (abs)        000000
__size_of_lcd_putc             (abs)        000000
__size_of_lcd_puts             (abs)        000000
__size_of_lcd_send_byte        (abs)        000000
__size_of_lcd_send_nibble      (abs)        000000
__size_of_main                 (abs)        000000
__size_of_operation            (abs)        000000
__size_of_read_adc_raw_no_lib  (abs)        000000
__size_of_read_adc_voltage     (abs)        000000
__size_of_scale                (abs)        000000
__size_of_set_pwm1_raw         (abs)        000000
__size_of_setupPorts           (abs)        000000
__size_of_sprintf              (abs)        000000
__size_ofi2___awmod            (abs)        000000
__smallconst                   smallconst   000000
__tdiv_to_l_                   text19       002172
__tdiv_to_l_@cntr              cstackCOMRAM 00002A
__tdiv_to_l_@exp1              cstackCOMRAM 00002B
__tdiv_to_l_@f1                cstackCOMRAM 00001B
__tdiv_to_l_@f2                cstackCOMRAM 00001F
__tdiv_to_l_@quot              cstackCOMRAM 000026
_delay_cycles                  text35       002D8E
_delay_ms                      text36       002DE2
_display                       text11       001E2A
_dpowers                       mediumconst  00FF53
_fround                        text15       001B98
_fround$1938                   cstackBANK0  000091
_fround$1939                   cstackBANK0  00008D
_ft                            bssCOMRAM    000058
_highIsr                       intcode      000008
_initInterrupts                text10       002C72
_init_adc_no_lib               text9        002E7E
_init_pwm1                     text8        002E66
_isdigit                       text14       002E48
_isdigit$1565                  cstackCOMRAM 00001C
_lcd                           (abs)        000F83
_lcd_gotoxy                    text32       002CB6
_lcd_init                      text7        002A82
_lcd_putc                      text31       002B3A
_lcd_puts                      text30       002AE4
_lcd_send_byte                 text33       002C2A
_lcd_send_nibble               text34       002E08
_main                          text0        0025EA
_mode                          bssCOMRAM    00005E
_operation                     text3        00125A
_raw_val                       bssBANK0     0000FA
_read_adc_raw_no_lib           text5        002CF8
_read_adc_voltage              text2        002838
_scale                         text13       000AB8
_scale$1940                    cstackBANK0  00008D
_set_pwm1_raw                  text4        002D32
_setupPorts                    text1        002E2A
_sp                            bssBANK0     0000F2
_sprintf                       text12       000012
_sprintf$1941                  cstackBANK0  0000C2
_temp                          bssBANK0     0000F6
btemp                          temp         000064
delay_cycles@n                 cstackCOMRAM 00001E
delay_cycles@x                 cstackCOMRAM 00001F
delay_ms@n                     cstackCOMRAM 00001B
delay_ms@x                     cstackCOMRAM 00001D
display@C                      cstackBANK1  000180
display@H                      cstackBANK1  000181
display@LCD                    cstackBANK1  000140
display@LCDP                   cstackBANK1  000100
end_of_initialization          cinit        002BD4
fround@prec                    cstackBANK0  000095
i2___awmod                     text38       0029AC
i2___awmod@counter             cstackCOMRAM 000005
i2___awmod@dividend            cstackCOMRAM 000001
i2___awmod@divisor             cstackCOMRAM 000003
i2___awmod@sign                cstackCOMRAM 000006
int$flags                      temp         000064
int_func                       intcode_body 0024EE
intlevel0                      text         000000
intlevel1                      text         000000
intlevel2                      text         000000
intlevel3                      text         000000
isdigit@c                      cstackCOMRAM 00001D
lcd_gotoxy@address             cstackCOMRAM 000027
lcd_gotoxy@x                   cstackCOMRAM 000026
lcd_gotoxy@y                   cstackCOMRAM 000025
lcd_init@i                     cstackCOMRAM 000025
lcd_putc@c                     cstackCOMRAM 000028
lcd_puts@s                     cstackCOMRAM 000029
lcd_send_byte@cm_data          cstackCOMRAM 000024
lcd_send_byte@n                cstackCOMRAM 000023
lcd_send_nibble@n              cstackCOMRAM 000022
main@channel                   cstackBANK0  0000E5
main@voltage                   cstackBANK0  0000E1
operation@CoolError            cstackBANK0  0000B8
operation@PWM_percentage_value cstackBANK0  0000BC
operation@compare_value        cstackBANK0  0000C0
read_adc_raw_no_lib@channel    cstackCOMRAM 000021
read_adc_raw_no_lib@raw_value  cstackCOMRAM 00001F
read_adc_voltage@channel       cstackCOMRAM 000052
read_adc_voltage@raw_value     cstackCOMRAM 000050
read_adc_voltage@voltage       cstackCOMRAM 00004C
scale@scl                      cstackBANK0  000091
set_pwm1_raw@raw_value         cstackCOMRAM 00001B
sprintf@ap                     cstackBANK0  0000C8
sprintf@c                      cstackBANK0  0000E0
sprintf@cp                     cstackBANK0  0000C6
sprintf@exp                    cstackBANK0  0000D6
sprintf@f                      cstackBANK0  0000B8
sprintf@flag                   cstackBANK0  0000CC
sprintf@fval                   cstackBANK0  0000DA
sprintf@len                    cstackBANK0  0000CA
sprintf@prec                   cstackBANK0  0000DE
sprintf@sp                     cstackBANK0  0000B6
sprintf@tmpval                 cstackBANK0  0000CE
sprintf@val                    cstackBANK0  0000D2
sprintf@width                  cstackBANK0  0000D8
stackhi                        (abs)        000F7F
stacklo                        (abs)        0001A6
start                          init         00000E
start_initialization           cinit        002B90
wtemp6                         temp         000065


FUNCTION INFORMATION:

 *************** function _main *****************
 Defined at:
		line 301 in file "pwm_asl.c"
 Parameters:    Size  Location     Type
		None
 Auto vars:     Size  Location     Type
  voltage         4   97[BANK0 ] float 
  channel         1  101[BANK0 ] unsigned char 
 Return value:  Size  Location     Type
                  1    wreg      void 
 Registers used:
		wreg, fsr1l, fsr1h, fsr2l, fsr2h, status,2, status,0, tblptrl, tblptrh, tblptru, prodl, prodh, cstack
 Tracked objects:
		On entry : 
		On exit  : 
		Unchanged: 
 Data sizes:     COMRAM   BANK0   BANK1   BANK2   BANK3   BANK4   BANK5   BANK6   BANK7   BANK8   BANK9  BANK10  BANK11  BANK12  BANK13  BANK14  BANK15
      Params:         0       0       0       0       0       0       0       0       0       0       0       0       0       0       0       0       0
      Locals:         0       5       0       0       0       0       0       0       0       0       0       0       0       0       0       0       0
      Temps:          0       0       0       0       0       0       0       0       0       0       0       0       0       0       0       0       0
      Totals:         0       5       0       0       0       0       0       0       0       0       0       0       0       0       0       0       0
Total ram usage:        5 bytes
 Hardware stack levels required when called:    9
 This function calls:
		___flmul
		_delay_ms
		_display
		_initInterrupts
		_init_adc_no_lib
		_init_pwm1
		_lcd_init
		_lcd_putc
		_operation
		_read_adc_voltage
		_setupPorts
 This function is called by:
		Startup code after reset
 This function uses a non-reentrant model


 *************** function _setupPorts *****************
 Defined at:
		line 103 in file "pwm_asl.c"
 Parameters:    Size  Location     Type
		None
 Auto vars:     Size  Location     Type
		None
 Return value:  Size  Location     Type
                  1    wreg      void 
 Registers used:
		wreg, status,2
 Tracked objects:
		On entry : 
		On exit  : 
		Unchanged: 
 Data sizes:     COMRAM   BANK0   BANK1   BANK2   BANK3   BANK4   BANK5   BANK6   BANK7   BANK8   BANK9  BANK10  BANK11  BANK12  BANK13  BANK14  BANK15
      Params:         0       0       0       0       0       0       0       0       0       0       0       0       0       0       0       0       0
      Locals:         0       0       0       0       0       0       0       0       0       0       0       0       0       0       0       0       0
      Temps:          0       0       0       0       0       0       0       0       0       0       0       0       0       0       0       0       0
      Totals:         0       0       0       0       0       0       0       0       0       0       0       0       0       0       0       0       0
Total ram usage:        0 bytes
 Hardware stack levels used:    1
 Hardware stack levels required when called:    2
 This function calls:
		Nothing
 This function is called by:
		_main
 This function uses a non-reentrant model


 *************** function _read_adc_voltage *****************
 Defined at:
		line 48 in file "my_adc.c"
 Parameters:    Size  Location     Type
  channel         1    wreg     unsigned char 
 Auto vars:     Size  Location     Type
  channel         1   81[COMRAM] unsigned char 
  voltage         4   75[COMRAM] float 
  raw_value       2   79[COMRAM] int 
 Return value:  Size  Location     Type
                  4   71[COMRAM] float 
 Registers used:
		wreg, status,2, status,0, prodl, prodh, cstack
 Tracked objects:
		On entry : 
		On exit  : 
		Unchanged: 
 Data sizes:     COMRAM   BANK0   BANK1   BANK2   BANK3   BANK4   BANK5   BANK6   BANK7   BANK8   BANK9  BANK10  BANK11  BANK12  BANK13  BANK14  BANK15
      Params:         4       0       0       0       0       0       0       0       0       0       0       0       0       0       0       0       0
      Locals:         7       0       0       0       0       0       0       0       0       0       0       0       0       0       0       0       0
      Temps:          0       0       0       0       0       0       0       0       0       0       0       0       0       0       0       0       0
      Totals:        11       0       0       0       0       0       0       0       0       0       0       0       0       0       0       0       0
Total ram usage:       11 bytes
 Hardware stack levels used:    1
 Hardware stack levels required when called:    3
 This function calls:
		___fldiv
		___wmul
		___xxtofl
		_read_adc_raw_no_lib
 This function is called by:
		_main
 This function uses a non-reentrant model


 *************** function _operation *****************
 Defined at:
		line 168 in file "pwm_asl.c"
 Parameters:    Size  Location     Type
		None
 Auto vars:     Size  Location     Type
  PWM_percenta    4   60[BANK0 ] float 
  compare_valu    2   64[BANK0 ] int 
  CoolError       4   56[BANK0 ] float 
 Return value:  Size  Location     Type
                  1    wreg      void 
 Registers used:
		wreg, status,2, status,0, prodl, prodh, cstack
 Tracked objects:
		On entry : 
		On exit  : 
		Unchanged: 
 Data sizes:     COMRAM   BANK0   BANK1   BANK2   BANK3   BANK4   BANK5   BANK6   BANK7   BANK8   BANK9  BANK10  BANK11  BANK12  BANK13  BANK14  BANK15
      Params:         0       0       0       0       0       0       0       0       0       0       0       0       0       0       0       0       0
      Locals:         0      10       0       0       0       0       0       0       0       0       0       0       0       0       0       0       0
      Temps:          0       2       0       0       0       0       0       0       0       0       0       0       0       0       0       0       0
      Totals:         0      12       0       0       0       0       0       0       0       0       0       0       0       0       0       0       0
Total ram usage:       12 bytes
 Hardware stack levels used:    1
 Hardware stack levels required when called:    3
 This function calls:
		___fladd
		___fldiv
		___flge
		___flmul
		___flneg
		___fltol
		___xxtofl
		_delay_ms
		_read_adc_raw_no_lib
		_set_pwm1_raw
 This function is called by:
		_main
 This function uses a non-reentrant model


 *************** function _set_pwm1_raw *****************
 Defined at:
		line 17 in file "my_pwm.c"
 Parameters:    Size  Location     Type
  raw_value       2   26[COMRAM] unsigned int 
 Auto vars:     Size  Location     Type
		None
 Return value:  Size  Location     Type
                  1    wreg      void 
 Registers used:
		wreg, status,2, status,0
 Tracked objects:
		On entry : 
		On exit  : 
		Unchanged: 
 Data sizes:     COMRAM   BANK0   BANK1   BANK2   BANK3   BANK4   BANK5   BANK6   BANK7   BANK8   BANK9  BANK10  BANK11  BANK12  BANK13  BANK14  BANK15
      Params:         2       0       0       0       0       0       0       0       0       0       0       0       0       0       0       0       0
      Locals:         0       0       0       0       0       0       0       0       0       0       0       0       0       0       0       0       0
      Temps:          2       0       0       0       0       0       0       0       0       0       0       0       0       0       0       0       0
      Totals:         4       0       0       0       0       0       0       0       0       0       0       0       0       0       0       0       0
Total ram usage:        4 bytes
 Hardware stack levels used:    1
 Hardware stack levels required when called:    2
 This function calls:
		Nothing
 This function is called by:
		_operation
		_set_pwm1_percent
		_set_pwm1_voltage
		_set_pwm1_general
 This function uses a non-reentrant model


 *************** function _read_adc_raw_no_lib *****************
 Defined at:
		line 32 in file "my_adc.c"
 Parameters:    Size  Location     Type
  channel         1    wreg     unsigned char 
 Auto vars:     Size  Location     Type
  channel         1   32[COMRAM] unsigned char 
  raw_value       2   30[COMRAM] int 
 Return value:  Size  Location     Type
                  2   26[COMRAM] int 
 Registers used:
		wreg, status,2, status,0
 Tracked objects:
		On entry : 
		On exit  : 
		Unchanged: 
 Data sizes:     COMRAM   BANK0   BANK1   BANK2   BANK3   BANK4   BANK5   BANK6   BANK7   BANK8   BANK9  BANK10  BANK11  BANK12  BANK13  BANK14  BANK15
      Params:         2       0       0       0       0       0       0       0       0       0       0       0       0       0       0       0       0
      Locals:         3       0       0       0       0       0       0       0       0       0       0       0       0       0       0       0       0
      Temps:          2       0       0       0       0       0       0       0       0       0       0       0       0       0       0       0       0
      Totals:         7       0       0       0       0       0       0       0       0       0       0       0       0       0       0       0       0
Total ram usage:        7 bytes
 Hardware stack levels used:    1
 Hardware stack levels required when called:    2
 This function calls:
		Nothing
 This function is called by:
		_operation
		_read_adc_voltage
 This function uses a non-reentrant model


 *************** function ___fldiv *****************
 Defined at:
		line 11 in file "C:\Program Files (x86)\Microchip\xc8\v1.45\sources\common\sprcdiv.c"
 Parameters:    Size  Location     Type
  b               4   46[COMRAM] int 
  a               4   50[COMRAM] int 
 Auto vars:     Size  Location     Type
  grs             4   65[COMRAM] unsigned long 
  rem             4   59[COMRAM] unsigned long 
  new_exp         2   63[COMRAM] int 
  aexp            1   70[COMRAM] unsigned char 
  bexp            1   69[COMRAM] unsigned char 
  sign            1   58[COMRAM] unsigned char 
 Return value:  Size  Location     Type
                  4   46[COMRAM] unsigned char 
 Registers used:
		wreg, status,2, status,0
 Tracked objects:
		On entry : 
		On exit  : 
		Unchanged: 
 Data sizes:     COMRAM   BANK0   BANK1   BANK2   BANK3   BANK4   BANK5   BANK6   BANK7   BANK8   BANK9  BANK10  BANK11  BANK12  BANK13  BANK14  BANK15
      Params:         8       0       0       0       0       0       0       0       0       0       0       0       0       0       0       0       0
      Locals:        13       0       0       0       0       0       0       0       0       0       0       0       0       0       0       0       0
      Temps:          4       0       0       0       0       0       0       0       0       0       0       0       0       0       0       0       0
      Totals:        25       0       0       0       0       0       0       0       0       0       0       0       0       0       0       0       0
Total ram usage:       25 bytes
 Hardware stack levels used:    1
 Hardware stack levels required when called:    2
 This function calls:
		Nothing
 This function is called by:
		_operation
		_read_adc_voltage
		_set_pwm1_percent
		_set_pwm1_voltage
		_set_pwm1_general
 This function uses a non-reentrant model


 *************** function _lcd_init *****************
 Defined at:
		line 56 in file "lcd_x8.c"
 Parameters:    Size  Location     Type
		None
 Auto vars:     Size  Location     Type
  i               1   36[COMRAM] unsigned char 
 Return value:  Size  Location     Type
                  1    wreg      void 
 Registers used:
		wreg, fsr2l, fsr2h, status,2, status,0, prodl, prodh, cstack
 Tracked objects:
		On entry : 
		On exit  : 
		Unchanged: 
 Data sizes:     COMRAM   BANK0   BANK1   BANK2   BANK3   BANK4   BANK5   BANK6   BANK7   BANK8   BANK9  BANK10  BANK11  BANK12  BANK13  BANK14  BANK15
      Params:         0       0       0       0       0       0       0       0       0       0       0       0       0       0       0       0       0
      Locals:         1       0       0       0       0       0       0       0       0       0       0       0       0       0       0       0       0
      Temps:          0       0       0       0       0       0       0       0       0       0       0       0       0       0       0       0       0
      Totals:         1       0       0       0       0       0       0       0       0       0       0       0       0       0       0       0       0
Total ram usage:        1 bytes
 Hardware stack levels used:    1
 Hardware stack levels required when called:    5
 This function calls:
		_delay_ms
		_lcd_send_byte
		_lcd_send_nibble
 This function is called by:
		_main
 This function uses a non-reentrant model


 *************** function _init_pwm1 *****************
 Defined at:
		line 5 in file "my_pwm.c"
 Parameters:    Size  Location     Type
		None
 Auto vars:     Size  Location     Type
		None
 Return value:  Size  Location     Type
                  1    wreg      void 
 Registers used:
		wreg, status,2
 Tracked objects:
		On entry : 
		On exit  : 
		Unchanged: 
 Data sizes:     COMRAM   BANK0   BANK1   BANK2   BANK3   BANK4   BANK5   BANK6   BANK7   BANK8   BANK9  BANK10  BANK11  BANK12  BANK13  BANK14  BANK15
      Params:         0       0       0       0       0       0       0       0       0       0       0       0       0       0       0       0       0
      Locals:         0       0       0       0       0       0       0       0       0       0       0       0       0       0       0       0       0
      Temps:          0       0       0       0       0       0       0       0       0       0       0       0       0       0       0       0       0
      Totals:         0       0       0       0       0       0       0       0       0       0       0       0       0       0       0       0       0
Total ram usage:        0 bytes
 Hardware stack levels used:    1
 Hardware stack levels required when called:    2
 This function calls:
		Nothing
 This function is called by:
		_main
 This function uses a non-reentrant model


 *************** function _init_adc_no_lib *****************
 Defined at:
		line 11 in file "my_adc.c"
 Parameters:    Size  Location     Type
		None
 Auto vars:     Size  Location     Type
		None
 Return value:  Size  Location     Type
                  1    wreg      void 
 Registers used:
		wreg, status,2
 Tracked objects:
		On entry : 
		On exit  : 
		Unchanged: 
 Data sizes:     COMRAM   BANK0   BANK1   BANK2   BANK3   BANK4   BANK5   BANK6   BANK7   BANK8   BANK9  BANK10  BANK11  BANK12  BANK13  BANK14  BANK15
      Params:         0       0       0       0       0       0       0       0       0       0       0       0       0       0       0       0       0
      Locals:         0       0       0       0       0       0       0       0       0       0       0       0       0       0       0       0       0
      Temps:          0       0       0       0       0       0       0       0       0       0       0       0       0       0       0       0       0
      Totals:         0       0       0       0       0       0       0       0       0       0       0       0       0       0       0       0       0
Total ram usage:        0 bytes
 Hardware stack levels used:    1
 Hardware stack levels required when called:    2
 This function calls:
		Nothing
 This function is called by:
		_main
 This function uses a non-reentrant model


 *************** function _initInterrupts *****************
 Defined at:
		line 114 in file "pwm_asl.c"
 Parameters:    Size  Location     Type
		None
 Auto vars:     Size  Location     Type
		None
 Return value:  Size  Location     Type
                  1    wreg      void 
 Registers used:
		wreg, status,2
 Tracked objects:
		On entry : 
		On exit  : 
		Unchanged: 
 Data sizes:     COMRAM   BANK0   BANK1   BANK2   BANK3   BANK4   BANK5   BANK6   BANK7   BANK8   BANK9  BANK10  BANK11  BANK12  BANK13  BANK14  BANK15
      Params:         0       0       0       0       0       0       0       0       0       0       0       0       0       0       0       0       0
      Locals:         0       0       0       0       0       0       0       0       0       0       0       0       0       0       0       0       0
      Temps:          0       0       0       0       0       0       0       0       0       0       0       0       0       0       0       0       0
      Totals:         0       0       0       0       0       0       0       0       0       0       0       0       0       0       0       0       0
Total ram usage:        0 bytes
 Hardware stack levels used:    1
 Hardware stack levels required when called:    2
 This function calls:
		Nothing
 This function is called by:
		_main
 This function uses a non-reentrant model


 *************** function _display *****************
 Defined at:
		line 236 in file "pwm_asl.c"
 Parameters:    Size  Location     Type
		None
 Auto vars:     Size  Location     Type
  LCD            64   64[BANK1 ] unsigned char [64]
  LCDP           64    0[BANK1 ] unsigned char [64]
  H               1  129[BANK1 ] unsigned char 
  C               1  128[BANK1 ] unsigned char 
 Return value:  Size  Location     Type
                  1    wreg      void 
 Registers used:
		wreg, fsr1l, fsr1h, fsr2l, fsr2h, status,2, status,0, tblptrl, tblptrh, tblptru, prodl, prodh, cstack
 Tracked objects:
		On entry : 
		On exit  : 
		Unchanged: 
 Data sizes:     COMRAM   BANK0   BANK1   BANK2   BANK3   BANK4   BANK5   BANK6   BANK7   BANK8   BANK9  BANK10  BANK11  BANK12  BANK13  BANK14  BANK15
      Params:         0       0       0       0       0       0       0       0       0       0       0       0       0       0       0       0       0
      Locals:         0       0     130       0       0       0       0       0       0       0       0       0       0       0       0       0       0
      Temps:          0       0       0       0       0       0       0       0       0       0       0       0       0       0       0       0       0
      Totals:         0       0     130       0       0       0       0       0       0       0       0       0       0       0       0       0       0
Total ram usage:      130 bytes
 Hardware stack levels used:    1
 Hardware stack levels required when called:    8
 This function calls:
		_lcd_gotoxy
		_lcd_putc
		_lcd_puts
		_sprintf
 This function is called by:
		_main
 This function uses a non-reentrant model


 *************** function _sprintf *****************
 Defined at:
		line 492 in file "C:\Program Files (x86)\Microchip\xc8\v1.45\sources\common\doprnt.c"
 Parameters:    Size  Location     Type
  sp              2   54[BANK0 ] PTR unsigned char 
		 -> display@LCD(64), display@LCDP(64), 
  f               2   56[BANK0 ] PTR const unsigned char 
		 -> STR_10(4), STR_9(12), STR_8(7), STR_7(12), 
		 -> STR_5(11), STR_4(19), STR_3(21), STR_2(21), 
		 -> STR_1(21), 
 Auto vars:     Size  Location     Type
  fval            4   90[BANK0 ] PTR const unsigned char 
  val             4   82[BANK0 ] unsigned long 
  tmpval          4   78[BANK0 ] struct .
  prec            2   94[BANK0 ] int 
  width           2   88[BANK0 ] int 
  exp             2   86[BANK0 ] int 
  flag            2   76[BANK0 ] unsigned short 
  len             2   74[BANK0 ] unsigned int 
  ap              2   72[BANK0 ] PTR void [1]
		 -> ?_sprintf(2), 
  cp              2   70[BANK0 ] PTR const unsigned char 
		 -> sprintf@c(1), 
  c               1   96[BANK0 ] char 
  d               1    0        unsigned char 
 Return value:  Size  Location     Type
                  2   54[BANK0 ] int 
 Registers used:
		wreg, fsr1l, fsr1h, fsr2l, fsr2h, status,2, status,0, tblptrl, tblptrh, tblptru, prodl, prodh, cstack
 Tracked objects:
		On entry : 
		On exit  : 
		Unchanged: 
 Data sizes:     COMRAM   BANK0   BANK1   BANK2   BANK3   BANK4   BANK5   BANK6   BANK7   BANK8   BANK9  BANK10  BANK11  BANK12  BANK13  BANK14  BANK15
      Params:         0       8       0       0       0       0       0       0       0       0       0       0       0       0       0       0       0
      Locals:         0      31       0       0       0       0       0       0       0       0       0       0       0       0       0       0       0
      Temps:          0       4       0       0       0       0       0       0       0       0       0       0       0       0       0       0       0
      Totals:         0      43       0       0       0       0       0       0       0       0       0       0       0       0       0       0       0
Total ram usage:       43 bytes
 Hardware stack levels used:    1
 Hardware stack levels required when called:    4
 This function calls:
		___awdiv
		___fladd
		___flge
		___flmul
		___flneg
		___flsub
		___fltol
		___lldiv
		___llmod
		___wmul
		___xxtofl
		__div_to_l_
		__tdiv_to_l_
		_fround
		_isdigit
		_scale
 This function is called by:
		_display
 This function uses a non-reentrant model


 *************** function _scale *****************
 Defined at:
		line 425 in file "C:\Program Files (x86)\Microchip\xc8\v1.45\sources\common\doprnt.c"
 Parameters:    Size  Location     Type
  scl             1    wreg     char 
 Auto vars:     Size  Location     Type
  scl             1   17[BANK0 ] char 
 Return value:  Size  Location     Type
                  4   83[COMRAM] char 
 Registers used:
		wreg, status,2, status,0, tblptrl, tblptrh, tblptru, prodl, prodh, cstack
 Tracked objects:
		On entry : 
		On exit  : 
		Unchanged: 
 Data sizes:     COMRAM   BANK0   BANK1   BANK2   BANK3   BANK4   BANK5   BANK6   BANK7   BANK8   BANK9  BANK10  BANK11  BANK12  BANK13  BANK14  BANK15
      Params:         4       0       0       0       0       0       0       0       0       0       0       0       0       0       0       0       0
      Locals:         0       5       0       0       0       0       0       0       0       0       0       0       0       0       0       0       0
      Temps:          0       0       0       0       0       0       0       0       0       0       0       0       0       0       0       0       0
      Totals:         4       5       0       0       0       0       0       0       0       0       0       0       0       0       0       0       0
Total ram usage:        9 bytes
 Hardware stack levels used:    1
 Hardware stack levels required when called:    3
 This function calls:
		___awdiv
		___awmod
		___flmul
 This function is called by:
		_sprintf
 This function uses a non-reentrant model


 *************** function _isdigit *****************
 Defined at:
		line 8 in file "C:\Program Files (x86)\Microchip\xc8\v1.45\sources\common\isdigit.c"
 Parameters:    Size  Location     Type
  c               1    wreg     unsigned char 
 Auto vars:     Size  Location     Type
  c               1   28[COMRAM] unsigned char 
 Return value:  Size  Location     Type
		None               void
 Registers used:
		wreg, status,2, status,0
 Tracked objects:
		On entry : 
		On exit  : 
		Unchanged: 
 Data sizes:     COMRAM   BANK0   BANK1   BANK2   BANK3   BANK4   BANK5   BANK6   BANK7   BANK8   BANK9  BANK10  BANK11  BANK12  BANK13  BANK14  BANK15
      Params:         0       0       0       0       0       0       0       0       0       0       0       0       0       0       0       0       0
      Locals:         2       0       0       0       0       0       0       0       0       0       0       0       0       0       0       0       0
      Temps:          1       0       0       0       0       0       0       0       0       0       0       0       0       0       0       0       0
      Totals:         3       0       0       0       0       0       0       0       0       0       0       0       0       0       0       0       0
Total ram usage:        3 bytes
 Hardware stack levels used:    1
 Hardware stack levels required when called:    2
 This function calls:
		Nothing
 This function is called by:
		_sprintf
 This function uses a non-reentrant model


 *************** function _fround *****************
 Defined at:
		line 409 in file "C:\Program Files (x86)\Microchip\xc8\v1.45\sources\common\doprnt.c"
 Parameters:    Size  Location     Type
  prec            1    wreg     unsigned char 
 Auto vars:     Size  Location     Type
  prec            1   21[BANK0 ] unsigned char 
 Return value:  Size  Location     Type
                  4   83[COMRAM] unsigned char 
 Registers used:
		wreg, status,2, status,0, tblptrl, tblptrh, tblptru, prodl, prodh, cstack
 Tracked objects:
		On entry : 
		On exit  : 
		Unchanged: 
 Data sizes:     COMRAM   BANK0   BANK1   BANK2   BANK3   BANK4   BANK5   BANK6   BANK7   BANK8   BANK9  BANK10  BANK11  BANK12  BANK13  BANK14  BANK15
      Params:         4       0       0       0       0       0       0       0       0       0       0       0       0       0       0       0       0
      Locals:         0       9       0       0       0       0       0       0       0       0       0       0       0       0       0       0       0
      Temps:          0       0       0       0       0       0       0       0       0       0       0       0       0       0       0       0       0
      Totals:         4       9       0       0       0       0       0       0       0       0       0       0       0       0       0       0       0
Total ram usage:       13 bytes
 Hardware stack levels used:    1
 Hardware stack levels required when called:    3
 This function calls:
		___awdiv
		___awmod
		___flmul
 This function is called by:
		_sprintf
 This function uses a non-reentrant model


 *************** function ___flmul *****************
 Defined at:
		line 8 in file "C:\Program Files (x86)\Microchip\xc8\v1.45\sources\common\sprcmul.c"
 Parameters:    Size  Location     Type
  b               4   71[COMRAM] unsigned char 
  a               4   75[COMRAM] unsigned char 
 Auto vars:     Size  Location     Type
  prod            4    7[BANK0 ] struct .
  grs             4    2[BANK0 ] unsigned long 
  temp            2   11[BANK0 ] struct .
  bexp            1    6[BANK0 ] unsigned char 
  aexp            1    1[BANK0 ] unsigned char 
  sign            1    0[BANK0 ] unsigned char 
 Return value:  Size  Location     Type
                  4   71[COMRAM] unsigned char 
 Registers used:
		wreg, status,2, status,0, prodl, prodh
 Tracked objects:
		On entry : 
		On exit  : 
		Unchanged: 
 Data sizes:     COMRAM   BANK0   BANK1   BANK2   BANK3   BANK4   BANK5   BANK6   BANK7   BANK8   BANK9  BANK10  BANK11  BANK12  BANK13  BANK14  BANK15
      Params:         8       0       0       0       0       0       0       0       0       0       0       0       0       0       0       0       0
      Locals:         0      13       0       0       0       0       0       0       0       0       0       0       0       0       0       0       0
      Temps:          4       0       0       0       0       0       0       0       0       0       0       0       0       0       0       0       0
      Totals:        12      13       0       0       0       0       0       0       0       0       0       0       0       0       0       0       0
Total ram usage:       25 bytes
 Hardware stack levels used:    1
 Hardware stack levels required when called:    2
 This function calls:
		Nothing
 This function is called by:
		_operation
		_main
		_fround
		_scale
		_sprintf
		_set_pwm1_percent
		_set_pwm1_voltage
		_set_pwm1_general
 This function uses a non-reentrant model


 *************** function ___awmod *****************
 Defined at:
		line 8 in file "C:\Program Files (x86)\Microchip\xc8\v1.45\sources\common\awmod.c"
 Parameters:    Size  Location     Type
  dividend        2   26[COMRAM] int 
  divisor         2   28[COMRAM] int 
 Auto vars:     Size  Location     Type
  sign            1   31[COMRAM] unsigned char 
  counter         1   30[COMRAM] unsigned char 
 Return value:  Size  Location     Type
                  2   26[COMRAM] int 
 Registers used:
		wreg, status,2, status,0
 Tracked objects:
		On entry : 
		On exit  : 
		Unchanged: 
 Data sizes:     COMRAM   BANK0   BANK1   BANK2   BANK3   BANK4   BANK5   BANK6   BANK7   BANK8   BANK9  BANK10  BANK11  BANK12  BANK13  BANK14  BANK15
      Params:         4       0       0       0       0       0       0       0       0       0       0       0       0       0       0       0       0
      Locals:         2       0       0       0       0       0       0       0       0       0       0       0       0       0       0       0       0
      Temps:          0       0       0       0       0       0       0       0       0       0       0       0       0       0       0       0       0
      Totals:         6       0       0       0       0       0       0       0       0       0       0       0       0       0       0       0       0
Total ram usage:        6 bytes
 Hardware stack levels used:    1
 Hardware stack levels required when called:    2
 This function calls:
		Nothing
 This function is called by:
		_fround
		_scale
 This function uses a non-reentrant model


 *************** function ___awdiv *****************
 Defined at:
		line 8 in file "C:\Program Files (x86)\Microchip\xc8\v1.45\sources\common\awdiv.c"
 Parameters:    Size  Location     Type
  dividend        2   32[COMRAM] int 
  divisor         2   34[COMRAM] int 
 Auto vars:     Size  Location     Type
  quotient        2   38[COMRAM] int 
  sign            1   37[COMRAM] unsigned char 
  counter         1   36[COMRAM] unsigned char 
 Return value:  Size  Location     Type
                  2   32[COMRAM] int 
 Registers used:
		wreg, status,2, status,0
 Tracked objects:
		On entry : 
		On exit  : 
		Unchanged: 
 Data sizes:     COMRAM   BANK0   BANK1   BANK2   BANK3   BANK4   BANK5   BANK6   BANK7   BANK8   BANK9  BANK10  BANK11  BANK12  BANK13  BANK14  BANK15
      Params:         4       0       0       0       0       0       0       0       0       0       0       0       0       0       0       0       0
      Locals:         4       0       0       0       0       0       0       0       0       0       0       0       0       0       0       0       0
      Temps:          0       0       0       0       0       0       0       0       0       0       0       0       0       0       0       0       0
      Totals:         8       0       0       0       0       0       0       0       0       0       0       0       0       0       0       0       0
Total ram usage:        8 bytes
 Hardware stack levels used:    1
 Hardware stack levels required when called:    2
 This function calls:
		Nothing
 This function is called by:
		_fround
		_scale
		_sprintf
 This function uses a non-reentrant model


 *************** function __tdiv_to_l_ *****************
 Defined at:
		line 60 in file "C:\Program Files (x86)\Microchip\xc8\v1.45\sources\common\ftdivl.c"
 Parameters:    Size  Location     Type
  f1              4   26[COMRAM] float 
  f2              4   30[COMRAM] float 
 Auto vars:     Size  Location     Type
  quot            4   37[COMRAM] unsigned long 
  exp1            1   42[COMRAM] unsigned char 
  cntr            1   41[COMRAM] unsigned char 
 Return value:  Size  Location     Type
                  4   26[COMRAM] unsigned long 
 Registers used:
		wreg, status,2, status,0
 Tracked objects:
		On entry : 
[...]
 This function uses a non-reentrant model


 *************** function ___flge *****************
 Defined at:
		line 4 in file "C:\Program Files (x86)\Microchip\xc8\v1.45\sources\common\flge.c"
 Parameters:    Size  Location     Type
  ff1             4   42[BANK0 ] unsigned char 
  ff2             4   46[BANK0 ] unsigned char 
 Auto vars:     Size  Location     Type
		None
 Return value:  Size  Location     Type
		None               void
 Registers used:
		wreg, status,2, status,0
 Tracked objects:
		On entry : 
		On exit  : 
		Unchanged: 
 Data sizes:     COMRAM   BANK0   BANK1   BANK2   BANK3   BANK4   BANK5   BANK6   BANK7   BANK8   BANK9  BANK10  BANK11  BANK12  BANK13  BANK14  BANK15
      Params:         0       8       0       0       0       0       0       0       0       0       0       0       0       0       0       0       0
      Locals:         0       0       0       0       0       0       0       0       0       0       0       0       0       0       0       0       0
      Temps:          0       4       0       0       0       0       0       0       0       0       0       0       0       0       0       0       0
      Totals:         0      12       0       0       0       0       0       0       0       0       0       0       0       0       0       0       0
Total ram usage:       12 bytes
 Hardware stack levels used:    1
 Hardware stack levels required when called:    2
 This function calls:
		Nothing
 This function is called by:
		_operation
		_sprintf
 This function uses a non-reentrant model


 *************** function _lcd_puts *****************
 Defined at:
		line 120 in file "lcd_x8.c"
 Parameters:    Size  Location     Type
  s               2   40[COMRAM] PTR unsigned char 
		 -> STR_6(4), display@LCD(64), display@LCDP(64), 
 Auto vars:     Size  Location     Type
		None
 Return value:  Size  Location     Type
                  1    wreg      void 
 Registers used:
		wreg, fsr1l, fsr1h, status,2, status,0, tblptrl, tblptrh, tblptru, cstack
 Tracked objects:
		On entry : 
		On exit  : 
		Unchanged: 
 Data sizes:     COMRAM   BANK0   BANK1   BANK2   BANK3   BANK4   BANK5   BANK6   BANK7   BANK8   BANK9  BANK10  BANK11  BANK12  BANK13  BANK14  BANK15
      Params:         2       0       0       0       0       0       0       0       0       0       0       0       0       0       0       0       0
      Locals:         0       0       0       0       0       0       0       0       0       0       0       0       0       0       0       0       0
      Temps:          0       0       0       0       0       0       0       0       0       0       0       0       0       0       0       0       0
      Totals:         2       0       0       0       0       0       0       0       0       0       0       0       0       0       0       0       0
Total ram usage:        2 bytes
 Hardware stack levels used:    1
 Hardware stack levels required when called:    7
 This function calls:
		_lcd_putc
 This function is called by:
		_display
 This function uses a non-reentrant model


 *************** function _lcd_putc *****************
 Defined at:
		line 106 in file "lcd_x8.c"
 Parameters:    Size  Location     Type
  c               1    wreg     unsigned char 
 Auto vars:     Size  Location     Type
  c               1   39[COMRAM] unsigned char 
 Return value:  Size  Location     Type
                  1    wreg      void 
 Registers used:
		wreg, status,2, status,0, cstack
 Tracked objects:
		On entry : 
		On exit  : 
		Unchanged: 
 Data sizes:     COMRAM   BANK0   BANK1   BANK2   BANK3   BANK4   BANK5   BANK6   BANK7   BANK8   BANK9  BANK10  BANK11  BANK12  BANK13  BANK14  BANK15
      Params:         0       0       0       0       0       0       0       0       0       0       0       0       0       0       0       0       0
      Locals:         1       0       0       0       0       0       0       0       0       0       0       0       0       0       0       0       0
      Temps:          0       0       0       0       0       0       0       0       0       0       0       0       0       0       0       0       0
      Totals:         1       0       0       0       0       0       0       0       0       0       0       0       0       0       0       0       0
Total ram usage:        1 bytes
 Hardware stack levels used:    1
 Hardware stack levels required when called:    6
 This function calls:
		_delay_ms
		_lcd_gotoxy
		_lcd_send_byte
 This function is called by:
		_display
		_main
		_lcd_puts
 This function uses a non-reentrant model


 *************** function _lcd_gotoxy *****************
 Defined at:
		line 89 in file "lcd_x8.c"
 Parameters:    Size  Location     Type
  x               1    wreg     unsigned char 
  y               1   36[COMRAM] unsigned char 
 Auto vars:     Size  Location     Type
  x               1   37[COMRAM] unsigned char 
  address         1   38[COMRAM] unsigned char 
 Return value:  Size  Location     Type
                  1    wreg      void 
 Registers used:
		wreg, status,2, status,0, cstack
 Tracked objects:
		On entry : 
		On exit  : 
		Unchanged: 
 Data sizes:     COMRAM   BANK0   BANK1   BANK2   BANK3   BANK4   BANK5   BANK6   BANK7   BANK8   BANK9  BANK10  BANK11  BANK12  BANK13  BANK14  BANK15
      Params:         1       0       0       0       0       0       0       0       0       0       0       0       0       0       0       0       0
      Locals:         2       0       0       0       0       0       0       0       0       0       0       0       0       0       0       0       0
      Temps:          0       0       0       0       0       0       0       0       0       0       0       0       0       0       0       0       0
      Totals:         3       0       0       0       0       0       0       0       0       0       0       0       0       0       0       0       0
Total ram usage:        3 bytes
 Hardware stack levels used:    1
 Hardware stack levels required when called:    5
 This function calls:
		_lcd_send_byte
 This function is called by:
		_display
		_lcd_putc
 This function uses a non-reentrant model


 *************** function _lcd_send_byte *****************
 Defined at:
		line 39 in file "lcd_x8.c"
 Parameters:    Size  Location     Type
  cm_data         1    wreg     unsigned char 
  n               1   34[COMRAM] unsigned char 
 Auto vars:     Size  Location     Type
  cm_data         1   35[COMRAM] unsigned char 
 Return value:  Size  Location     Type
                  1    wreg      void 
 Registers used:
		wreg, status,2, status,0, cstack
 Tracked objects:
		On entry : 
		On exit  : 
		Unchanged: 
 Data sizes:     COMRAM   BANK0   BANK1   BANK2   BANK3   BANK4   BANK5   BANK6   BANK7   BANK8   BANK9  BANK10  BANK11  BANK12  BANK13  BANK14  BANK15
      Params:         1       0       0       0       0       0       0       0       0       0       0       0       0       0       0       0       0
      Locals:         1       0       0       0       0       0       0       0       0       0       0       0       0       0       0       0       0
      Temps:          0       0       0       0       0       0       0       0       0       0       0       0       0       0       0       0       0
      Totals:         2       0       0       0       0       0       0       0       0       0       0       0       0       0       0       0       0
Total ram usage:        2 bytes
 Hardware stack levels used:    1
 Hardware stack levels required when called:    4
 This function calls:
		_delay_cycles
		_delay_ms
		_lcd_send_nibble
 This function is called by:
		_lcd_init
		_lcd_gotoxy
		_lcd_putc
		_Lcd_Shift_Right
		_Lcd_Shift_Left
 This function uses a non-reentrant model


 *************** function _lcd_send_nibble *****************
 Defined at:
		line 29 in file "lcd_x8.c"
 Parameters:    Size  Location     Type
  n               1    wreg     unsigned char 
 Auto vars:     Size  Location     Type
  n               1   33[COMRAM] unsigned char 
 Return value:  Size  Location     Type
                  1    wreg      void 
 Registers used:
		wreg, status,2, status,0, cstack
 Tracked objects:
		On entry : 
		On exit  : 
		Unchanged: 
 Data sizes:     COMRAM   BANK0   BANK1   BANK2   BANK3   BANK4   BANK5   BANK6   BANK7   BANK8   BANK9  BANK10  BANK11  BANK12  BANK13  BANK14  BANK15
      Params:         0       0       0       0       0       0       0       0       0       0       0       0       0       0       0       0       0
      Locals:         1       0       0       0       0       0       0       0       0       0       0       0       0       0       0       0       0
      Temps:          1       0       0       0       0       0       0       0       0       0       0       0       0       0       0       0       0
      Totals:         2       0       0       0       0       0       0       0       0       0       0       0       0       0       0       0       0
Total ram usage:        2 bytes
 Hardware stack levels used:    1
 Hardware stack levels required when called:    3
 This function calls:
		_delay_cycles
 This function is called by:
		_lcd_send_byte
		_lcd_init
 This function uses a non-reentrant model


 *************** function _delay_cycles *****************
 Defined at:
		line 20 in file "lcd_x8.c"
 Parameters:    Size  Location     Type
  n               1    wreg     unsigned char 
 Auto vars:     Size  Location     Type
  n               1   29[COMRAM] unsigned char 
  x               2   30[COMRAM] int 
 Return value:  Size  Location     Type
                  1    wreg      void 
 Registers used:
		wreg, status,2, status,0
 Tracked objects:
		On entry : 
		On exit  : 
		Unchanged: 
 Data sizes:     COMRAM   BANK0   BANK1   BANK2   BANK3   BANK4   BANK5   BANK6   BANK7   BANK8   BANK9  BANK10  BANK11  BANK12  BANK13  BANK14  BANK15
      Params:         0       0       0       0       0       0       0       0       0       0       0       0       0       0       0       0       0
      Locals:         3       0       0       0       0       0       0       0       0       0       0       0       0       0       0       0       0
      Temps:          3       0       0       0       0       0       0       0       0       0       0       0       0       0       0       0       0
      Totals:         6       0       0       0       0       0       0       0       0       0       0       0       0       0       0       0       0
Total ram usage:        6 bytes
 Hardware stack levels used:    1
 Hardware stack levels required when called:    2
 This function calls:
		Nothing
 This function is called by:
		_lcd_send_nibble
		_lcd_send_byte
 This function uses a non-reentrant model


 *************** function _delay_ms *****************
 Defined at:
		line 12 in file "lcd_x8.c"
 Parameters:    Size  Location     Type
  n               2   26[COMRAM] unsigned int 
 Auto vars:     Size  Location     Type
  x               2   28[COMRAM] int 
 Return value:  Size  Location     Type
                  1    wreg      void 
 Registers used:
		wreg, status,2, status,0
 Tracked objects:
		On entry : 
		On exit  : 
		Unchanged: 
 Data sizes:     COMRAM   BANK0   BANK1   BANK2   BANK3   BANK4   BANK5   BANK6   BANK7   BANK8   BANK9  BANK10  BANK11  BANK12  BANK13  BANK14  BANK15
      Params:         2       0       0       0       0       0       0       0       0       0       0       0       0       0       0       0       0
      Locals:         2       0       0       0       0       0       0       0       0       0       0       0       0       0       0       0       0
      Temps:          0       0       0       0       0       0       0       0       0       0       0       0       0       0       0       0       0
      Totals:         4       0       0       0       0       0       0       0       0       0       0       0       0       0       0       0       0
Total ram usage:        4 bytes
 Hardware stack levels used:    1
 Hardware stack levels required when called:    2
 This function calls:
		Nothing
 This function is called by:
		_operation
		_main
		_lcd_send_byte
		_lcd_init
		_lcd_putc
 This function uses a non-reentrant model


 *************** function _highIsr *****************
 Defined at:
		line 143 in file "pwm_asl.c"
 Parameters:    Size  Location     Type
		None
 Auto vars:     Size  Location     Type
		None
 Return value:  Size  Location     Type
                  1    wreg      void 
 Registers used:
		wreg, status,2, status,0, cstack
 Tracked objects:
		On entry : 
		On exit  : 
		Unchanged: 
 Data sizes:     COMRAM   BANK0   BANK1   BANK2   BANK3   BANK4   BANK5   BANK6   BANK7   BANK8   BANK9  BANK10  BANK11  BANK12  BANK13  BANK14  BANK15
      Params:         0       0       0       0       0       0       0       0       0       0       0       0       0       0       0       0       0
      Locals:         0       0       0       0       0       0       0       0       0       0       0       0       0       0       0       0       0
      Temps:         20       0       0       0       0       0       0       0       0       0       0       0       0       0       0       0       0
      Totals:        20       0       0       0       0       0       0       0       0       0       0       0       0       0       0       0       0
Total ram usage:       20 bytes
 Hardware stack levels used:    1
 Hardware stack levels required when called:    1
 This function calls:
		i2___awmod
 This function is called by:
		Interrupt level 2
 This function uses a non-reentrant model


 *************** function i2___awmod *****************
 Defined at:
		line 8 in file "C:\Program Files (x86)\Microchip\xc8\v1.45\sources\common\awmod.c"
 Parameters:    Size  Location     Type
  dividend        2    0[COMRAM] int 
  divisor         2    2[COMRAM] int 
 Auto vars:     Size  Location     Type
  __awmod         1    5[COMRAM] unsigned char 
  __awmod         1    4[COMRAM] unsigned char 
 Return value:  Size  Location     Type
                  2    0[COMRAM] int 
 Registers used:
		wreg, status,2, status,0
 Tracked objects:
		On entry : 
		On exit  : 
		Unchanged: 
 Data sizes:     COMRAM   BANK0   BANK1   BANK2   BANK3   BANK4   BANK5   BANK6   BANK7   BANK8   BANK9  BANK10  BANK11  BANK12  BANK13  BANK14  BANK15
      Params:         4       0       0       0       0       0       0       0       0       0       0       0       0       0       0       0       0
      Locals:         2       0       0       0       0       0       0       0       0       0       0       0       0       0       0       0       0
      Temps:          0       0       0       0       0       0       0       0       0       0       0       0       0       0       0       0       0
      Totals:         6       0       0       0       0       0       0       0       0       0       0       0       0       0       0       0       0
Total ram usage:        6 bytes
 Hardware stack levels used:    1
 This function calls:
		Nothing
 This function is called by:
		_highIsr
 This function uses a non-reentrant model



MODULE INFORMATION

Module		Function		Class		Link	Load	Size
C:\Program Files (x86)\Microchip\xc8\v1.45\sources\common\sprcdiv.c
		___fldiv       		CODE           	18E4	0000	693

C:\Program Files (x86)\Microchip\xc8\v1.45\sources\common\sprcdiv.c estimated size: 693

C:\Program Files (x86)\Microchip\xc8\v1.45\sources\common\flge.c
		___flge        		CODE           	23CC	0000	291

C:\Program Files (x86)\Microchip\xc8\v1.45\sources\common\flge.c estimated size: 291

C:\Program Files (x86)\Microchip\xc8\v1.45\sources\common\doprnt.c
		_scale         		CODE           	0AB8	0000	1105
		_sprintf       		CODE           	0012	0000	2727
		_fround        		CODE           	1B98	0000	659

C:\Program Files (x86)\Microchip\xc8\v1.45\sources\common\doprnt.c estimated size: 4491

C:\Program Files (x86)\Microchip\xc8\v1.45\sources\common\Umul16.c
		___wmul        		CODE           	2DBC	0000	39

C:\Program Files (x86)\Microchip\xc8\v1.45\sources\common\Umul16.c estimated size: 39

my_pwm.c
		_init_pwm1     		CODE           	2E66	0000	25
		_set_pwm1_raw  		CODE           	2D32	0000	47

my_pwm.c estimated size: 72

my_adc.c
		_init_adc_no_lib		CODE           	2E7E	0000	13
		_read_adc_raw_no_lib		CODE           	2CF8	0000	59
		_read_adc_voltage		CODE           	2838	0000	131

my_adc.c estimated size: 203

C:\Program Files (x86)\Microchip\xc8\v1.45\sources\common\isdigit.c
		_isdigit       		CODE           	2E48	0000	31

C:\Program Files (x86)\Microchip\xc8\v1.45\sources\common\isdigit.c estimated size: 31

C:\Program Files (x86)\Microchip\xc8\v1.45\sources\common\sprcadd.c
		___flsub       		CODE           	2BE2	0000	73
		___fladd       		CODE           	15A6	0000	831

C:\Program Files (x86)\Microchip\xc8\v1.45\sources\common\sprcadd.c estimated size: 904

C:\Program Files (x86)\Microchip\xc8\v1.45\sources\common\ftdivl.c
		__tdiv_to_l_   		CODE           	2172	0000	307

C:\Program Files (x86)\Microchip\xc8\v1.45\sources\common\ftdivl.c estimated size: 307

C:\Program Files (x86)\Microchip\xc8\v1.45\sources\common\awmod.c
		___awmod       		CODE           	293C	0000	113

C:\Program Files (x86)\Microchip\xc8\v1.45\sources\common\awmod.c estimated size: 113

C:\Program Files (x86)\Microchip\xc8\v1.45\sources\common\llmod.c
		___llmod       		CODE           	2A1C	0000	103

C:\Program Files (x86)\Microchip\xc8\v1.45\sources\common\llmod.c estimated size: 103

C:\Program Files (x86)\Microchip\xc8\v1.45\sources\common\fldivl.c
		__div_to_l_    		CODE           	22A4	0000	297

C:\Program Files (x86)\Microchip\xc8\v1.45\sources\common\fldivl.c estimated size: 297

C:\Program Files (x86)\Microchip\xc8\v1.45\sources\common\fltol.c
		___fltol       		CODE           	26D6	0000	223

C:\Program Files (x86)\Microchip\xc8\v1.45\sources\common\fltol.c estimated size: 223

shared
		__powers_      		MEDIUMCONST    	FEEB	0000	53
		_dpowers       		MEDIUMCONST    	FF53	0000	41
		__npowers_     		MEDIUMCONST    	FF1F	0000	53
		__initialization		CODE           	2B90	0000	69
		i2___awmod     		CODE           	29AC	0000	113

shared estimated size: 329

C:\Program Files (x86)\Microchip\xc8\v1.45\sources\common\awdiv.c
		___awdiv       		CODE           	27B4	0000	133

C:\Program Files (x86)\Microchip\xc8\v1.45\sources\common\awdiv.c estimated size: 133

pwm_asl.c
		_display       		CODE           	1E2A	0000	505
		_main          		CODE           	25EA	0000	237
		_highIsr       		CODE           	0008	0000	259
		_initInterrupts		CODE           	2C72	0000	69
		_operation     		CODE           	125A	0000	845
		_setupPorts    		CODE           	2E2A	0000	31

pwm_asl.c estimated size: 1946

C:\Program Files (x86)\Microchip\xc8\v1.45\sources\common\lldiv.c
		___lldiv       		CODE           	28BA	0000	131

C:\Program Files (x86)\Microchip\xc8\v1.45\sources\common\lldiv.c estimated size: 131

lcd_x8.c
		_lcd_putc      		CODE           	2B3A	0000	87
		_lcd_puts      		CODE           	2AE4	0000	87
		_lcd_send_byte 		CODE           	2C2A	0000	73
		_lcd_gotoxy    		CODE           	2CB6	0000	67
		_lcd_send_nibble		CODE           	2E08	0000	35
		_delay_ms      		CODE           	2DE2	0000	39
		_lcd_init      		CODE           	2A82	0000	99
		_delay_cycles  		CODE           	2D8E	0000	47

lcd_x8.c estimated size: 534

C:\Program Files (x86)\Microchip\xc8\v1.45\sources\common\xxtofl.c
		___xxtofl      		CODE           	2022	0000	337

C:\Program Files (x86)\Microchip\xc8\v1.45\sources\common\xxtofl.c estimated size: 337

C:\Program Files (x86)\Microchip\xc8\v1.45\sources\common\flneg.c
		___flneg       		CODE           	2D60	0000	47

C:\Program Files (x86)\Microchip\xc8\v1.45\sources\common\flneg.c estimated size: 47

C:\Program Files (x86)\Microchip\xc8\v1.45\sources\common\sprcmul.c
		___flmul       		CODE           	0F08	0000	851

C:\Program Files (x86)\Microchip\xc8\v1.45\sources\common\sprcmul.c estimated size: 851

